Listing 'src'...
Listing 'src/mission_manager'...
Listing 'src/mission_manager/config'...
Listing 'src/mission_manager/launch'...
Listing 'src/mission_manager/scripts'...
Compiling 'src/mission_manager/scripts/mission_manager_node.py'...
Compiling 'src/mission_manager/setup.py'...
Listing 'src/mission_manager/src'...
Listing 'src/mission_manager/src/mission_manager'...
Compiling 'src/mission_manager/src/mission_manager/__init__.py'...
Compiling 'src/mission_manager/src/mission_manager/child_actions.py'...
Compiling 'src/mission_manager/src/mission_manager/domain_models.py'...
Compiling 'src/mission_manager/src/mission_manager/mission_orchestrator.py'...
Compiling 'src/mission_manager/src/mission_manager/record_route_runner.py'...
Compiling 'src/mission_manager/src/mission_manager/ros_adapter.py'...
Compiling 'src/mission_manager/src/mission_manager/ros_configuration.py'...
Compiling 'src/mission_manager/src/mission_manager/ros_node.py'...
Compiling 'src/mission_manager/src/mission_manager/ros_segments.py'...
Compiling 'src/mission_manager/src/mission_manager/ros_state.py'...
Compiling 'src/mission_manager/src/mission_manager/route_planner.py'...
Compiling 'src/mission_manager/src/mission_manager/scan_adapter.py'...
Listing 'src/mission_manager/test'...
Compiling 'src/mission_manager/test/support.py'...
Compiling 'src/mission_manager/test/test_import_boundary.py'...
Compiling 'src/mission_manager/test/test_mission_node_ros.py'...
Compiling 'src/mission_manager/test/test_mission_orchestrator.py'...
Compiling 'src/mission_manager/test/test_mission_ros_adapter.py'...
Compiling 'src/mission_manager/test/test_record_route.py'...
Compiling 'src/mission_manager/test/test_route_planner.py'...
Listing 'src/multifloor_manager'...
Listing 'src/multifloor_manager/config'...
Listing 'src/multifloor_manager/config/maps'...
Listing 'src/multifloor_manager/launch'...
Listing 'src/multifloor_manager/scripts'...
Compiling 'src/multifloor_manager/scripts/multifloor_manager_node.py'...
Compiling 'src/multifloor_manager/setup.py'...
Listing 'src/multifloor_manager/src'...
Listing 'src/multifloor_manager/src/multifloor_manager'...
Compiling 'src/multifloor_manager/src/multifloor_manager/__init__.py'...
Compiling 'src/multifloor_manager/src/multifloor_manager/composition.py'...
Compiling 'src/multifloor_manager/src/multifloor_manager/configuration.py'...
Compiling 'src/multifloor_manager/src/multifloor_manager/producers.py'...
Compiling 'src/multifloor_manager/src/multifloor_manager/ros_adapter.py'...
Compiling 'src/multifloor_manager/src/multifloor_manager/ros_configuration.py'...
Compiling 'src/multifloor_manager/src/multifloor_manager/ros_node.py'...
Compiling 'src/multifloor_manager/src/multifloor_manager/snapshots.py'...
Listing 'src/multifloor_manager/test'...
Compiling 'src/multifloor_manager/test/node_wiring_rostest.py'...
Compiling 'src/multifloor_manager/test/policy_mode_driver.py'...
Compiling 'src/multifloor_manager/test/test_multifloor_producers.py'...
Compiling 'src/multifloor_manager/test/test_policy_configuration.py'...
Compiling 'src/multifloor_manager/test/test_ros_adapter_contract.py'...
Listing 'src/stair_supervisor'...
Listing 'src/stair_supervisor/config'...
Listing 'src/stair_supervisor/launch'...
Listing 'src/stair_supervisor/scripts'...
Compiling 'src/stair_supervisor/scripts/stair_supervisor_node.py'...
Compiling 'src/stair_supervisor/setup.py'...
Listing 'src/stair_supervisor/src'...
Listing 'src/stair_supervisor/src/stair_supervisor'...
Compiling 'src/stair_supervisor/src/stair_supervisor/__init__.py'...
Compiling 'src/stair_supervisor/src/stair_supervisor/robot_protocol.py'...
Compiling 'src/stair_supervisor/src/stair_supervisor/robot_transport.py'...
Compiling 'src/stair_supervisor/src/stair_supervisor/ros_configuration.py'...
Compiling 'src/stair_supervisor/src/stair_supervisor/ros_node.py'...
Compiling 'src/stair_supervisor/src/stair_supervisor/supervisor.py'...
Listing 'src/stair_supervisor/test'...
Listing 'src/stair_supervisor/test/fixtures'...
Listing 'src/stair_supervisor/test/fixtures/disabled'...
Compiling 'src/stair_supervisor/test/stair_supervisor_rostest.py'...
Compiling 'src/stair_supervisor/test/stream_fakes.py'...
Compiling 'src/stair_supervisor/test/test_stair_ros_node.py'...
Compiling 'src/stair_supervisor/test/test_stream_supervisor.py'...
Compiling 'src/stair_supervisor/test/test_verifier_findings.py'...
Listing 'src/tron1_bringup'...
Listing 'src/tron1_bringup/config'...
Listing 'src/tron1_bringup/config/nav'...
Listing 'src/tron1_bringup/launch'...
Listing 'src/tron1_bringup/rviz'...
Compiling 'src/tron1_bringup/setup.py'...
Listing 'src/tron1_bringup/src'...
Listing 'src/tron1_bringup/src/tron1_bringup'...
Compiling 'src/tron1_bringup/src/tron1_bringup/__init__.py'...
Listing 'src/tron1_bringup/test'...
Listing 'src/tron1_bringup/test/env-hooks'...
Compiling 'src/tron1_bringup/test/system_smoke_rostest.py'...
Listing 'src/tron1_condition_engine'...
Listing 'src/tron1_condition_engine/config'...
Listing 'src/tron1_condition_engine/launch'...
Compiling 'src/tron1_condition_engine/setup.py'...
Listing 'src/tron1_condition_engine/src'...
Listing 'src/tron1_condition_engine/src/tron1_condition_engine'...
Compiling 'src/tron1_condition_engine/src/tron1_condition_engine/__init__.py'...
Compiling 'src/tron1_condition_engine/src/tron1_condition_engine/compiler.py'...
Compiling 'src/tron1_condition_engine/src/tron1_condition_engine/errors.py'...
Compiling 'src/tron1_condition_engine/src/tron1_condition_engine/evaluator.py'...
Compiling 'src/tron1_condition_engine/src/tron1_condition_engine/identifiers.py'...
Compiling 'src/tron1_condition_engine/src/tron1_condition_engine/parsing.py'...
Compiling 'src/tron1_condition_engine/src/tron1_condition_engine/raw_types.py'...
Compiling 'src/tron1_condition_engine/src/tron1_condition_engine/records.py'...
Compiling 'src/tron1_condition_engine/src/tron1_condition_engine/registry.py'...
Compiling 'src/tron1_condition_engine/src/tron1_condition_engine/validation.py'...
Listing 'src/tron1_condition_engine/test'...
Compiling 'src/tron1_condition_engine/test/evaluator_fixtures.py'...
Compiling 'src/tron1_condition_engine/test/test_evaluator_expressions.py'...
Compiling 'src/tron1_condition_engine/test/test_evaluator_temporal.py'...
Compiling 'src/tron1_condition_engine/test/test_evaluator_truth.py'...
Compiling 'src/tron1_condition_engine/test/test_policy_compiler.py'...
Compiling 'src/tron1_condition_engine/test/test_policy_contract.py'...
Listing 'src/tron1_interfaces'...
Listing 'src/tron1_interfaces/action'...
Listing 'src/tron1_interfaces/config'...
Listing 'src/tron1_interfaces/launch'...
Listing 'src/tron1_interfaces/msg'...
Compiling 'src/tron1_interfaces/setup.py'...
Listing 'src/tron1_interfaces/src'...
Listing 'src/tron1_interfaces/src/tron1_interfaces'...
Compiling 'src/tron1_interfaces/src/tron1_interfaces/__init__.py'...
Listing 'src/tron1_interfaces/test'...
Listing 'tools'...
Compiling 'tools/architecture_artifacts.py'...
Compiling 'tools/architecture_example.py'...
Compiling 'tools/architecture_types.py'...
Compiling 'tools/configuration_bundle.py'...
Listing 'tools/operator'...
Compiling 'tools/source_provenance.py'...
Compiling 'tools/validate_architecture.py'...
Listing 'test'...
Compiling 'test/__init__.py'...
Listing 'test/fixtures'...
Listing 'test/fixtures/building_valid'...
Listing 'test/fixtures/building_valid/maps'...
Compiling 'test/operator_test_support.py'...
Compiling 'test/test_acceptance_contract.py'...
Compiling 'test/test_architecture_resolution.py'...
Compiling 'test/test_architecture_schema.py'...
Compiling 'test/test_configuration_contract.py'...
Compiling 'test/test_install_rostest_contract.py'...
Compiling 'test/test_interface_contract.py'...
Compiling 'test/test_launch_contract.py'...
Compiling 'test/test_package_dag.py'...
Compiling 'test/test_process_boundary_contract.py'...
Compiling 'test/test_run_contract.py'...
Compiling 'test/test_run_script_contract.py'...
Compiling 'test/test_system_operator_contract.py'...
Compiling 'test/test_workspace_boundary.py'...
Listing 'test/tools'...
Compiling 'test/tools/install_origin_check.py'...
Compiling 'test/tools/system_smoke_driver.py'...
