... logging to /home/m3tron/.ros/log/b93e7800-b1d1-11f1-9fc5-599613c4a513/roslaunch-m3tron-All-Series-142944.log
Checking log directory for disk usage. This may take a while.
Press Ctrl-C to interrupt
Done checking log file disk usage. Usage is <1GB.
]2;roscore
[1mstarted roslaunch server http://192.168.1.26:42707/[0m
ros_comm version 1.17.4


SUMMARY
========

PARAMETERS
 * /rosdistro: noetic
 * /rosversion: 1.17.4

NODES

auto-starting new master
[1mprocess[master]: started with pid [142989][0m
[1mROS_MASTER_URI=http://192.168.1.26:11311/[0m
]2;roscore http://192.168.1.26:11311/
[1msetting /run_id to b93e7800-b1d1-11f1-9fc5-599613c4a513[0m
[1mprocess[rosout-1]: started with pid [143006][0m
started core service [/rosout]
[rosout-1] killing on exit
[master] killing on exit
shutting down processing monitor...
... shutting down processing monitor complete
[1mdone[0m
